node:internal/modules/cjs/loader:1456
  const err = new Error(message);
              ^

Error: Cannot find module 'archiver'
Require stack:
- C:\Users\owner\Desktop\projekty\projekt_9\Character_studio\character-studio\lib\trainFluxLoraByBatches.ts
    at node:internal/modules/cjs/loader:1456:15
    at nextResolveSimple (C:\Users\owner\AppData\Local\npm-cache\_npx\fd45a72a545557e9\node_modules\tsx\dist\register-CRHZwkwo.cjs:10:1006)
    at C:\Users\owner\AppData\Local\npm-cache\_npx\fd45a72a545557e9\node_modules\tsx\dist\register-CRHZwkwo.cjs:9:4679
    at C:\Users\owner\AppData\Local\npm-cache\_npx\fd45a72a545557e9\node_modules\tsx\dist\register-CRHZwkwo.cjs:9:3981
    at resolveTsPaths (C:\Users\owner\AppData\Local\npm-cache\_npx\fd45a72a545557e9\node_modules\tsx\dist\register-CRHZwkwo.cjs:10:759)
    at C:\Users\owner\AppData\Local\npm-cache\_npx\fd45a72a545557e9\node_modules\tsx\dist\register-CRHZwkwo.cjs:10:1199
    at j._resolveFilename (file:///C:/Users/owner/AppData/Local/npm-cache/_npx/fd45a72a545557e9/node_modules/tsx/dist/register-Bu1t3CsJ.mjs:2:17957)
    at defaultResolveImpl (node:internal/modules/cjs/loader:1066:19)
    at defaultResolve (node:internal/modules/cjs/loader:1101:31)
    at nextStep (node:internal/modules/customization_hooks:189:26) {
  code: 'MODULE_NOT_FOUND',
  requireStack: [
    'C:\\Users\\owner\\Desktop\\projekty\\projekt_9\\Character_studio\\character-studio\\lib\\trainFluxLoraByBatches.ts'
  ]
}

Node.js v24.14.1
